3f800000
3f5db3d7
3f3504f3
3f000000
248d3132
3f5db3d7
3f3504f3
3f000000
248d3132
