3f55b042
bf70db57
3f5bc971
bd681350
3e8d20c7
bf7f672d
bf4edc85
be1b612a
bd406ac6
