bf0c11e7
3eaeddb4
3f031859
bf7f91a3
bf7691a5
3d58d46e
3f174523
bf7d4282
3f7fcba8
