00000000
3f000000
3f3504f3
3f5db3d7
3f800000
bf000000
bf3504f3
bf5db4d7
bf800000
