00000000
3f060a92
3f490fdb
3f860a92
3fc90fdb
bf060a92
bf490fdb
bf860a92
bfc90fdb
