bf143649
4032c137
3f09a13e
bfd07dca
bfa635bc
4045ac21
40209a58
bfdbce90
3fce2d99
