3f800000
40000000
40400000
40800000
40a00000
3f400000
3f000000
3e800000
3dcccccd
3c23d70a
3e99999a
