3f490fda
3f8f5c29
3fa53c84
3fb1d5a6
3fb80df4
3f2c913b
3eed677e
3e728cf3
3dcccd66
3c23d2d0
3e9552a7
