00000000
3c1d1305
3c6094d0
3ce08f6a
bc1d1305
bc6094d0
bc6094d0
bce08f6a
